// Jest Snapshot v1, https://goo.gl/fbAQLP

exports[`InputRegular when asked to render autofocused renders autofocused 1`] = `
<input
  aria-invalid={false}
  aria-label="Test label"
  aria-required={false}
  autoFocus={true}
  className="[appearance:textfield] [&::-webkit-outer-spin-button]:appearance-none [&::-webkit-inner-spin-button]:appearance-none rounded-xl border-2 bg-transparent border-neutral-light-100 placeholder:text-neutral-light-300 px-3 py-2.5 text-xl text-black leading-none  dark:border-neutral-dark-100 dark:placeholder:text-neutral-dark-300 dark:text-white group-hover:data-[invalid=false]:border-primary-300 data-[invalid=true]:border-error data-[invalid=true]:dark:border-error focus:data-[invalid=true]:border-primary-300 focus:data-[invalid=true]:dark:border-primary-300 focus:outline-none focus:ring-1 focus:ring-primary-300 focus:border-primary-300 focus:dark:border-primary-300"
  data-invalid={false}
  data-test-id="test-input"
  disabled={false}
  id="test-input"
  name="test-input"
  required={false}
  type="text"
/>
`;

exports[`InputRegular when asked to render disabled renders disabled 1`] = `
<input
  aria-invalid={false}
  aria-label="Test label"
  aria-required={false}
  autoFocus={false}
  className="[appearance:textfield] [&::-webkit-outer-spin-button]:appearance-none [&::-webkit-inner-spin-button]:appearance-none rounded-xl border-2 bg-transparent border-neutral-light-100 placeholder:text-neutral-light-300 px-3 py-2.5 text-xl text-black leading-none  dark:border-neutral-dark-100 dark:placeholder:text-neutral-dark-300 dark:text-white group-hover:data-[invalid=false]:border-primary-300 data-[invalid=true]:border-error data-[invalid=true]:dark:border-error focus:data-[invalid=true]:border-primary-300 focus:data-[invalid=true]:dark:border-primary-300 focus:outline-none focus:ring-1 focus:ring-primary-300 focus:border-primary-300 focus:dark:border-primary-300"
  data-invalid={false}
  data-test-id="test-input"
  disabled={true}
  id="test-input"
  name="test-input"
  required={false}
  type="text"
/>
`;

exports[`InputRegular when asked to render renders 1`] = `
<input
  aria-invalid={false}
  aria-label="Test label"
  aria-required={false}
  autoFocus={false}
  className="[appearance:textfield] [&::-webkit-outer-spin-button]:appearance-none [&::-webkit-inner-spin-button]:appearance-none rounded-xl border-2 bg-transparent border-neutral-light-100 placeholder:text-neutral-light-300 px-3 py-2.5 text-xl text-black leading-none  dark:border-neutral-dark-100 dark:placeholder:text-neutral-dark-300 dark:text-white group-hover:data-[invalid=false]:border-primary-300 data-[invalid=true]:border-error data-[invalid=true]:dark:border-error focus:data-[invalid=true]:border-primary-300 focus:data-[invalid=true]:dark:border-primary-300 focus:outline-none focus:ring-1 focus:ring-primary-300 focus:border-primary-300 focus:dark:border-primary-300"
  data-invalid={false}
  data-test-id="test-input"
  disabled={false}
  id="test-input"
  name="test-input"
  required={false}
  type="text"
/>
`;

exports[`InputRegular when asked to render required renders required 1`] = `
<input
  aria-invalid={false}
  aria-label="Test label"
  aria-required={true}
  autoFocus={false}
  className="[appearance:textfield] [&::-webkit-outer-spin-button]:appearance-none [&::-webkit-inner-spin-button]:appearance-none rounded-xl border-2 bg-transparent border-neutral-light-100 placeholder:text-neutral-light-300 px-3 py-2.5 text-xl text-black leading-none  dark:border-neutral-dark-100 dark:placeholder:text-neutral-dark-300 dark:text-white group-hover:data-[invalid=false]:border-primary-300 data-[invalid=true]:border-error data-[invalid=true]:dark:border-error focus:data-[invalid=true]:border-primary-300 focus:data-[invalid=true]:dark:border-primary-300 focus:outline-none focus:ring-1 focus:ring-primary-300 focus:border-primary-300 focus:dark:border-primary-300"
  data-invalid={false}
  data-test-id="test-input"
  disabled={false}
  id="test-input"
  name="test-input"
  required={true}
  type="text"
/>
`;

exports[`InputRegular when asked to render with placeholder renders with placeholder 1`] = `
<input
  aria-invalid={false}
  aria-label="Test label"
  aria-required={false}
  autoFocus={false}
  className="[appearance:textfield] [&::-webkit-outer-spin-button]:appearance-none [&::-webkit-inner-spin-button]:appearance-none rounded-xl border-2 bg-transparent border-neutral-light-100 placeholder:text-neutral-light-300 px-3 py-2.5 text-xl text-black leading-none  dark:border-neutral-dark-100 dark:placeholder:text-neutral-dark-300 dark:text-white group-hover:data-[invalid=false]:border-primary-300 data-[invalid=true]:border-error data-[invalid=true]:dark:border-error focus:data-[invalid=true]:border-primary-300 focus:data-[invalid=true]:dark:border-primary-300 focus:outline-none focus:ring-1 focus:ring-primary-300 focus:border-primary-300 focus:dark:border-primary-300"
  data-invalid={false}
  data-test-id="test-input"
  disabled={false}
  id="test-input"
  name="test-input"
  placeholder="Test placeholder"
  required={false}
  type="text"
/>
`;

exports[`InputRegular when asked to render with value renders with placeholder 1`] = `
<input
  aria-invalid={false}
  aria-label="Test label"
  aria-required={false}
  autoFocus={false}
  className="[appearance:textfield] [&::-webkit-outer-spin-button]:appearance-none [&::-webkit-inner-spin-button]:appearance-none rounded-xl border-2 bg-transparent border-neutral-light-100 placeholder:text-neutral-light-300 px-3 py-2.5 text-xl text-black leading-none  dark:border-neutral-dark-100 dark:placeholder:text-neutral-dark-300 dark:text-white group-hover:data-[invalid=false]:border-primary-300 data-[invalid=true]:border-error data-[invalid=true]:dark:border-error focus:data-[invalid=true]:border-primary-300 focus:data-[invalid=true]:dark:border-primary-300 focus:outline-none focus:ring-1 focus:ring-primary-300 focus:border-primary-300 focus:dark:border-primary-300"
  data-invalid={false}
  data-test-id="test-input"
  disabled={false}
  id="test-input"
  name="test-input"
  required={false}
  type="text"
  value="Test value"
/>
`;
